1. Logging in...
Login successful. Token received.

2. Submitting Report with new fields...
Report submitted successfully!
Response: {
  message: 'Report submitted successfully',
  reportId: '696189844596a826c7a12c1b'
}

3. Verifying Report Data...
Report found in fetch list.
Saved User Name: Test User
Saved User Phone: 1234567890
